[    0.000000] Initializing cgroup subsys cpuset
[    0.000000] Initializing cgroup subsys cpu
[    0.000000] Initializing cgroup subsys cpuacct
[    0.000000] Linux version 4.4.0-116-generic (buildd@lgw01-amd64-021) (gcc version 5.4.0 20160609 (Ubuntu 5.4.0-6ubuntu1~16.04.9) ) #140-Ubuntu SMP Mon Feb 12 21:23:04 UTC 2018 (Ubuntu 4.4.0-116.140-generic 4.4.98)
[    0.000000] Command line: BOOT_IMAGE=/boot/vmlinuz-4.4.0-116-generic root=LABEL=cloudimg-rootfs ro console=tty1 console=ttyS0
[    0.000000] KERNEL supported cpus:
[    0.000000]   Intel GenuineIntel
[    0.000000]   AMD AuthenticAMD
[    0.000000]   Centaur CentaurHauls
[    0.000000] ------------[ cut here ]------------
[    0.000000] WARNING: CPU: 0 PID: 0 at /build/linux-fQ94TU/linux-4.4.0/arch/x86/kernel/fpu/xstate.c:517 fpu__init_system_xstate+0x38b/0x75a()
[    0.000000] XSAVE consistency problem, dumping leaves
[    0.000000] Modules linked in:
[    0.000000] CPU: 0 PID: 0 Comm: swapper Not tainted 4.4.0-116-generic #140-Ubuntu
[    0.000000]  0000000000000086 04dcbc1815e40a97 ffffffff81e03d80 ffffffff813ffc13
[    0.000000]  ffffffff81e03dc8 ffffffff81caba68 ffffffff81e03db8 ffffffff810830f2
[    0.000000]  ffffffff81e03e48 ffffffff81e03e4c 0000000000000008 0000000000000100
[    0.000000] Call Trace:
[    0.000000]  [<ffffffff813ffc13>] dump_stack+0x63/0x90
[    0.000000]  [<ffffffff810830f2>] warn_slowpath_common+0x82/0xc0
[    0.000000]  [<ffffffff8108318c>] warn_slowpath_fmt+0x5c/0x80
[    0.000000]  [<ffffffff8107ed36>] ? xfeature_size+0x59/0x77
[    0.000000]  [<ffffffff81f72338>] fpu__init_system_xstate+0x38b/0x75a
[    0.000000]  [<ffffffff81f62120>] ? early_idt_handler_array+0x120/0x120
[    0.000000]  [<ffffffff81f71ca3>] fpu__init_system+0x10d/0x245
[    0.000000]  [<ffffffff81f72df1>] early_cpu_init+0x178/0x17d
[    0.000000]  [<ffffffff81f72df1>] ? early_cpu_init+0x178/0x17d
[    0.000000]  [<ffffffff81f6e1fb>] setup_arch+0xb4/0xd2b
[    0.000000]  [<ffffffff81f62120>] ? early_idt_handler_array+0x120/0x120
[    0.000000]  [<ffffffff81f62c7d>] start_kernel+0xe4/0x4b0
[    0.000000]  [<ffffffff81f62120>] ? early_idt_handler_array+0x120/0x120
[    0.000000]  [<ffffffff81f62339>] x86_64_start_reservations+0x2a/0x2c
[    0.000000]  [<ffffffff81f62485>] x86_64_start_kernel+0x14a/0x16d
[    0.000000] ---[ end trace 4d5ff9f2f68c4233 ]---
[    0.000000] CPUID[0d, 00]: eax=00000007 ebx=00000440 ecx=00000440 edx=00000000
[    0.000000] CPUID[0d, 01]: eax=00000000 ebx=000003c0 ecx=00000000 edx=00000000
[    0.000000] CPUID[0d, 02]: eax=00000100 ebx=00000240 ecx=00000000 edx=00000000
[    0.000000] CPUID[0d, 03]: eax=00000000 ebx=00000000 ecx=00000000 edx=00000000
[    0.000000] CPUID[0d, 04]: eax=00000000 ebx=00000000 ecx=00000000 edx=00000000
[    0.000000] CPUID[0d, 05]: eax=00000000 ebx=00000000 ecx=00000000 edx=00000000
[    0.000000] CPUID[0d, 06]: eax=00000000 ebx=00000000 ecx=00000000 edx=00000000
[    0.000000] CPUID[0d, 07]: eax=00000000 ebx=00000000 ecx=00000000 edx=00000000
[    0.000000] CPUID[0d, 08]: eax=00000000 ebx=00000000 ecx=00000000 edx=00000000
[    0.000000] CPUID[0d, 09]: eax=00000000 ebx=00000000 ecx=00000000 edx=00000000
[    0.000000] CPUID[0d, 0a]: eax=00000000 ebx=00000000 ecx=00000000 edx=00000000
[    0.000000] CPUID[0d, 0b]: eax=00000000 ebx=00000000 ecx=00000000 edx=00000000
[    0.000000] CPUID[0d, 0c]: eax=00000000 ebx=00000000 ecx=00000000 edx=00000000
[    0.000000] CPUID[0d, 0d]: eax=00000000 ebx=00000000 ecx=00000000 edx=00000000
[    0.000000] CPUID[0d, 0e]: eax=00000000 ebx=00000000 ecx=00000000 edx=00000000
[    0.000000] CPUID[0d, 0f]: eax=00000000 ebx=00000000 ecx=00000000 edx=00000000
[    0.000000] CPUID[0d, 10]: eax=00000000 ebx=00000000 ecx=00000000 edx=00000000
[    0.000000] CPUID[0d, 11]: eax=00000000 ebx=00000000 ecx=00000000 edx=00000000
[    0.000000] x86/fpu: xstate_offset[2]:  576, xstate_sizes[2]:  256
[    0.000000] x86/fpu: Supporting XSAVE feature 0x01: 'x87 floating point registers'
[    0.000000] x86/fpu: Supporting XSAVE feature 0x02: 'SSE registers'
[    0.000000] x86/fpu: Supporting XSAVE feature 0x04: 'AVX registers'
[    0.000000] x86/fpu: Enabled xstate features 0x7, context size is 1088 bytes, using 'standard' format.
[    0.000000] x86/fpu: Using 'lazy' FPU context switches.
[    0.000000] e820: BIOS-provided physical RAM map:
[    0.000000] BIOS-e820: [mem 0x0000000000000000-0x000000000009fbff] usable
[    0.000000] BIOS-e820: [mem 0x000000000009fc00-0x000000000009ffff] reserved
[    0.000000] BIOS-e820: [mem 0x00000000000f0000-0x00000000000fffff] reserved
[    0.000000] BIOS-e820: [mem 0x0000000000100000-0x000000003ffeffff] usable
[    0.000000] BIOS-e820: [mem 0x000000003fff0000-0x000000003fffffff] ACPI data
[    0.000000] BIOS-e820: [mem 0x00000000fec00000-0x00000000fec00fff] reserved
[    0.000000] BIOS-e820: [mem 0x00000000fee00000-0x00000000fee00fff] reserved
[    0.000000] BIOS-e820: [mem 0x00000000fffc0000-0x00000000ffffffff] reserved
[    0.000000] NX (Execute Disable) protection: active
[    0.000000] SMBIOS 2.5 present.
[    0.000000] Hypervisor detected: KVM
[    0.000000] e820: last_pfn = 0x3fff0 max_arch_pfn = 0x400000000
[    0.000000] MTRR: Disabled
[    0.000000] x86/PAT: MTRRs disabled, skipping PAT initialization too.
[    0.000000] CPU MTRRs all blank - virtualized system.
[    0.000000] x86/PAT: Configuration [0-7]: WB  WT  UC- UC  WB  WT  UC- UC  
[    0.000000] found SMP MP-table at [mem 0x0009fff0-0x0009ffff] mapped at [ffff88000009fff0]
[    0.000000] Scanning 1 areas for low memory corruption
[    0.000000] RAMDISK: [mem 0x36ac2000-0x37558fff]
[    0.000000] ACPI: Early table checksum verification disabled
[    0.000000] ACPI: RSDP 0x00000000000E0000 000024 (v02 VBOX  )
[    0.000000] ACPI: XSDT 0x000000003FFF0030 00003C (v01 VBOX   VBOXXSDT 00000001 ASL  00000061)
[    0.000000] ACPI: FACP 0x000000003FFF00F0 0000F4 (v04 VBOX   VBOXFACP 00000001 ASL  00000061)
[    0.000000] ACPI: DSDT 0x000000003FFF0470 0021FF (v02 VBOX   VBOXBIOS 00000002 INTL 20170728)
[    0.000000] ACPI: FACS 0x000000003FFF0200 000040
[    0.000000] ACPI: FACS 0x000000003FFF0200 000040
[    0.000000] ACPI: APIC 0x000000003FFF0240 00005C (v02 VBOX   VBOXAPIC 00000001 ASL  00000061)
[    0.000000] ACPI: SSDT 0x000000003FFF02A0 0001CC (v01 VBOX   VBOXCPUT 00000002 INTL 20170728)
[    0.000000] No NUMA configuration found
[    0.000000] Faking a node at [mem 0x0000000000000000-0x000000003ffeffff]
[    0.000000] NODE_DATA(0) allocated [mem 0x3ffeb000-0x3ffeffff]
[    0.000000] kvm-clock: Using msrs 4b564d01 and 4b564d00
[    0.000000] kvm-clock: cpu 0, msr 0:3ffe3001, primary cpu clock
[    0.000000] kvm-clock: using sched offset of 2922294754 cycles
[    0.000000] clocksource: kvm-clock: mask: 0xffffffffffffffff max_cycles: 0x1cd42e4dffb, max_idle_ns: 881590591483 ns
[    0.000000] Zone ranges:
[    0.000000]   DMA      [mem 0x0000000000001000-0x0000000000ffffff]
[    0.000000]   DMA32    [mem 0x0000000001000000-0x000000003ffeffff]
[    0.000000]   Normal   empty
[    0.000000]   Device   empty
[    0.000000] Movable zone start for each node
[    0.000000] Early memory node ranges
[    0.000000]   node   0: [mem 0x0000000000001000-0x000000000009efff]
[    0.000000]   node   0: [mem 0x0000000000100000-0x000000003ffeffff]
[    0.000000] Initmem setup node 0 [mem 0x0000000000001000-0x000000003ffeffff]
[    0.000000] ACPI: PM-Timer IO Port: 0x4008
[    0.000000] IOAPIC[0]: apic_id 2, version 32, address 0xfec00000, GSI 0-23
[    0.000000] ACPI: INT_SRC_OVR (bus 0 bus_irq 0 global_irq 2 dfl dfl)
[    0.000000] ACPI: INT_SRC_OVR (bus 0 bus_irq 9 global_irq 9 high level)
[    0.000000] Using ACPI (MADT) for SMP configuration information
[    0.000000] smpboot: Allowing 2 CPUs, 0 hotplug CPUs
[    0.000000] PM: Registered nosave memory: [mem 0x00000000-0x00000fff]
[    0.000000] PM: Registered nosave memory: [mem 0x0009f000-0x0009ffff]
[    0.000000] PM: Registered nosave memory: [mem 0x000a0000-0x000effff]
[    0.000000] PM: Registered nosave memory: [mem 0x000f0000-0x000fffff]
[    0.000000] e820: [mem 0x40000000-0xfebfffff] available for PCI devices
[    0.000000] Booting paravirtualized kernel on KVM
[    0.000000] clocksource: refined-jiffies: mask: 0xffffffff max_cycles: 0xffffffff, max_idle_ns: 7645519600211568 ns
[    0.000000] setup_percpu: NR_CPUS:512 nr_cpumask_bits:512 nr_cpu_ids:2 nr_node_ids:1
[    0.000000] PERCPU: Embedded 34 pages/cpu @ffff88003fc00000 s99544 r8192 d31528 u1048576
[    0.000000] PV qspinlock hash table entries: 256 (order: 0, 4096 bytes)
[    0.000000] Built 1 zonelists in Node order, mobility grouping on.  Total pages: 257913
[    0.000000] Policy zone: DMA32
[    0.000000] Kernel command line: BOOT_IMAGE=/boot/vmlinuz-4.4.0-116-generic root=LABEL=cloudimg-rootfs ro console=tty1 console=ttyS0
[    0.000000] PID hash table entries: 4096 (order: 3, 32768 bytes)
[    0.000000] Memory: 1001688K/1048120K available (8530K kernel code, 1309K rwdata, 3992K rodata, 1508K init, 1316K bss, 46432K reserved, 0K cma-reserved)
[    0.000000] SLUB: HWalign=64, Order=0-3, MinObjects=0, CPUs=2, Nodes=1
[    0.000000] Kernel/User page tables isolation: enabled
[    0.000000] Hierarchical RCU implementation.
[    0.000000] 	Build-time adjustment of leaf fanout to 64.
[    0.000000] 	RCU restricting CPUs from NR_CPUS=512 to nr_cpu_ids=2.
[    0.000000] RCU: Adjusting geometry for rcu_fanout_leaf=64, nr_cpu_ids=2
[    0.000000] NR_IRQS:33024 nr_irqs:440 16
[    0.000000] Console: colour VGA+ 80x25
[    0.000000] console [tty1] enabled
[    0.000000] console [ttyS0] enabled
[    0.000000] tsc: Detected 1799.999 MHz processor
[   24.431016] Calibrating delay loop (skipped) preset value.. 3599.99 BogoMIPS (lpj=7199996)
[   24.640204] pid_max: default: 32768 minimum: 301
[   24.705416] ACPI: Core revision 20150930
[   24.755915] ACPI: 2 ACPI AML tables successfully acquired and loaded
[   24.846688] Security Framework initialized
[   24.909236] Yama: becoming mindful.
[   24.980652] AppArmor: AppArmor initialized
[   25.055994] Dentry cache hash table entries: 131072 (order: 8, 1048576 bytes)
[   25.226247] Inode-cache hash table entries: 65536 (order: 7, 524288 bytes)
[   25.390935] Mount-cache hash table entries: 2048 (order: 2, 16384 bytes)
[   25.558631] Mountpoint-cache hash table entries: 2048 (order: 2, 16384 bytes)
[   25.767001] Initializing cgroup subsys io
[   25.818135] Initializing cgroup subsys memory
[   25.875207] Initializing cgroup subsys devices
[   25.985235] Initializing cgroup subsys freezer
[   26.104125] Initializing cgroup subsys net_cls
[   26.232019] Initializing cgroup subsys perf_event
[   26.362714] Initializing cgroup subsys net_prio
[   26.504706] Initializing cgroup subsys hugetlb
[   26.647215] Initializing cgroup subsys pids
[   26.773483] CPU: Physical Processor ID: 0
[   26.899046] CPU: Processor Core ID: 0
[   27.014745] FEATURE SPEC_CTRL Not Present
[   27.114546] mce: CPU supports 0 MCE banks
[   27.226782] Last level iTLB entries: 4KB 64, 2MB 8, 4MB 8
[   27.366696] Last level dTLB entries: 4KB 64, 2MB 0, 4MB 0, 1GB 4
[   27.492023] Spectre V2 mitigation: Mitigation: Full generic retpoline
[   27.587471] Spectre V2 mitigation: Speculation control IBPB not-supported IBRS not-supported
[   27.725398] Freeing SMP alternatives memory: 32K
[   27.846265] ftrace: allocating 32186 entries in 126 pages
[   28.058157] smpboot: APIC(0) Converting physical 0 to logical package 0
[   28.237111] smpboot: Max logical packages: 1
[   28.342540] x2apic enabled
[   28.426218] Switched APIC routing to physical x2apic.
[   28.571879] ..TIMER: vector=0x30 apic1=0 pin1=2 apic2=-1 pin2=-1
[   28.834488] APIC calibration not consistent with PM-Timer: 96ms instead of 100ms
[   29.003609] APIC delta adjusted to PM-Timer: 6250121 (6046303)
[   29.152345] smpboot: CPU0: Intel(R) Core(TM) i5-8250U CPU @ 1.60GHz (family: 0x6, model: 0x8e, stepping: 0xa)
[   29.399360] Performance Events: unsupported p6 CPU model 142 no PMU driver, software events only.
[   29.589504] KVM setup paravirtual spinlock
[   29.695104] x86: Booting SMP configuration:
[   29.812246] .... node  #0, CPUs:      #1
[   29.892698] kvm-clock: cpu 1, msr 0:3ffe3041, secondary cpu clock
[   30.141888] mce: CPU supports 0 MCE banks
[   30.326681] x86: Booted up 1 node, 2 CPUs
[   30.415629] smpboot: Total of 2 processors activated (7199.99 BogoMIPS)
[   30.569669] devtmpfs: initialized
[   30.655097] evm: security.selinux
[   30.699108] evm: security.SMACK64
[   30.797665] evm: security.SMACK64EXEC
[   30.910982] evm: security.SMACK64TRANSMUTE
[   31.036445] evm: security.SMACK64MMAP
[   31.156150] evm: security.ima
[   31.246769] evm: security.capability
[   31.366960] clocksource: jiffies: mask: 0xffffffff max_cycles: 0xffffffff, max_idle_ns: 7645041785100000 ns
[   31.640535] futex hash table entries: 512 (order: 3, 32768 bytes)
[   31.821628] pinctrl core: initialized pinctrl subsystem
[   31.901127] RTC time: 20:24:47, date: 03/20/18
[   31.951500] NET: Registered protocol family 16
[   32.081143] cpuidle: using governor ladder
[   32.208459] cpuidle: using governor menu
[   32.321358] PCCT header not found.
[   32.423201] ACPI: bus type PCI registered
[   32.471888] acpiphp: ACPI Hot Plug PCI Controller Driver version: 0.5
[   32.662643] PCI: Using configuration type 1 for base access
[   32.742108] ACPI: Added _OSI(Module Device)
[   32.780546] ACPI: Added _OSI(Processor Device)
[   32.838244] ACPI: Added _OSI(3.0 _SCP Extensions)
[   32.904564] ACPI: Added _OSI(Processor Aggregator Device)
[   32.981112] ACPI: Executed 1 blocks of module-level executable AML code
[   33.169811] ACPI: Interpreter enabled
[   33.273914] ACPI: (supports S0 S5)
[   33.372193] ACPI: Using IOAPIC for interrupt routing
[   33.509345] PCI: Using host bridge windows from ACPI; if necessary, use "pci=nocrs" and report a bug
[   33.748705] ACPI: PCI Root Bridge [PCI0] (domain 0000 [bus 00-ff])
[   33.915118] acpi PNP0A03:00: _OSC: OS supports [ASPM ClockPM Segments MSI]
[   34.115440] acpi PNP0A03:00: _OSC: not requesting OS control; OS requires [ExtendedConfig ASPM ClockPM MSI]
[   34.398864] acpi PNP0A03:00: fail to add MMCONFIG information, can't access extended PCI configuration space under this bridge.
[   34.553185] PCI host bridge to bus 0000:00
[   34.618819] pci_bus 0000:00: root bus resource [io  0x0000-0x0cf7 window]
[   34.816923] pci_bus 0000:00: root bus resource [io  0x0d00-0xffff window]
[   34.995053] pci_bus 0000:00: root bus resource [mem 0x000a0000-0x000bffff window]
[   35.179686] pci_bus 0000:00: root bus resource [mem 0x40000000-0xffdfffff window]
[   35.383167] pci_bus 0000:00: root bus resource [bus 00-ff]
[   35.471208] pci 0000:00:01.1: legacy IDE quirk: reg 0x10: [io  0x01f0-0x01f7]
[   35.667557] pci 0000:00:01.1: legacy IDE quirk: reg 0x14: [io  0x03f6]
[   35.839061] pci 0000:00:01.1: legacy IDE quirk: reg 0x18: [io  0x0170-0x0177]
[   36.014750] pci 0000:00:01.1: legacy IDE quirk: reg 0x1c: [io  0x0376]
[   36.153248] pci 0000:00:07.0: quirk: [io  0x4000-0x403f] claimed by PIIX4 ACPI
[   36.247813] pci 0000:00:07.0: quirk: [io  0x4100-0x410f] claimed by PIIX4 SMB
[   36.456241] ACPI: PCI Interrupt Link [LNKA] (IRQs 5 9 10 *11)
[   36.609141] ACPI: PCI Interrupt Link [LNKB] (IRQs 5 9 10 *11)
[   36.733240] ACPI: PCI Interrupt Link [LNKC] (IRQs 5 9 *10 11)
[   36.850663] ACPI: PCI Interrupt Link [LNKD] (IRQs 5 *9 10 11)
[   36.903245] ACPI: Enabled 2 GPEs in block 00 to 07
[   36.976299] vgaarb: setting as boot device: PCI:0000:00:02.0
[   37.142242] vgaarb: device added: PCI:0000:00:02.0,decodes=io+mem,owns=io+mem,locks=none
[   37.388821] vgaarb: loaded
[   37.469262] vgaarb: bridge control possible 0000:00:02.0
[   37.630163] SCSI subsystem initialized
[   37.743056] ACPI: bus type USB registered
[   37.831244] usbcore: registered new interface driver usbfs
[   37.905144] usbcore: registered new interface driver hub
[   38.065753] usbcore: registered new device driver usb
[   38.218512] PCI: Using ACPI for IRQ routing
[   38.343084] NetLabel: Initializing
[   38.442284] NetLabel:  domain hash size = 128
[   38.526406] NetLabel:  protocols = UNLABELED CIPSOv4
[   38.568038] NetLabel:  unlabeled traffic allowed by default
[   38.609896] amd_nb: Cannot enumerate AMD northbridges
[   38.647625] clocksource: Switched to clocksource kvm-clock
[   38.726559] AppArmor: AppArmor Filesystem Enabled
[   38.821848] pnp: PnP ACPI init
[   38.915156] pnp: PnP ACPI: found 3 devices
[   39.047707] clocksource: acpi_pm: mask: 0xffffff max_cycles: 0xffffff, max_idle_ns: 2085701024 ns
[   39.317580] NET: Registered protocol family 2
[   39.444954] TCP established hash table entries: 8192 (order: 4, 65536 bytes)
[   39.661825] TCP bind hash table entries: 8192 (order: 5, 131072 bytes)
[   39.866966] TCP: Hash tables configured (established 8192 bind 8192)
[   40.034034] UDP hash table entries: 512 (order: 2, 16384 bytes)
[   40.200124] UDP-Lite hash table entries: 512 (order: 2, 16384 bytes)
[   40.370680] NET: Registered protocol family 1
[   40.492533] pci 0000:00:00.0: Limiting direct PCI/PCI transfers
[   40.676780] pci 0000:00:01.0: Activating ISA DMA hang workarounds
[   40.855025] Unpacking initramfs...
[   42.537465] Freeing initrd memory: 10844K
[   42.656021] platform rtc_cmos: registered platform RTC device (no PNP device found)
[   42.824145] Scanning for low memory corruption every 60 seconds
[   42.953131] audit: initializing netlink subsys (disabled)
[   43.120383] audit: type=2000 audit(1521577466.046:1): initialized
[   43.273801] Initialise system trusted keyring
[   43.400355] HugeTLB registered 2 MB page size, pre-allocated 0 pages
[   43.590624] zbud: loaded
[   43.666546] tsc: Refined TSC clocksource calibration: 1800.502 MHz
[   43.857504] clocksource: tsc: mask: 0xffffffffffffffff max_cycles: 0x19f403c8a82, max_idle_ns: 440795247137 ns
[   43.858053] VFS: Disk quotas dquot_6.6.0
[   43.858077] VFS: Dquot-cache hash table entries: 512 (order 0, 4096 bytes)
[   43.858265] squashfs: version 4.0 (2009/01/31) Phillip Lougher
[   43.858447] fuse init (API version 7.23)
[   43.858538] Key type big_key registered
[   43.858552] Allocating IMA MOK and blacklist keyrings.
[   43.858710] Key type asymmetric registered
[   43.858711] Asymmetric key parser 'x509' registered
[   43.858737] Block layer SCSI generic (bsg) driver version 0.4 loaded (major 249)
[   43.858758] io scheduler noop registered
[   43.858760] io scheduler deadline registered (default)
[   43.858782] io scheduler cfq registered
[   43.858861] pci_hotplug: PCI Hot Plug PCI Core version: 0.5
[   43.858866] pciehp: PCI Express Hot Plug Controller Driver version: 0.4
[   43.858965] ACPI: AC Adapter [AC] (off-line)
[   43.859005] input: Power Button as /devices/LNXSYSTM:00/LNXPWRBN:00/input/input0
[   43.859008] ACPI: Power Button [PWRF]
[   43.859054] input: Sleep Button as /devices/LNXSYSTM:00/LNXSLPBN:00/input/input1
[   43.859055] ACPI: Sleep Button [SLPF]
[   43.859159] GHES: HEST is not enabled!
[   43.859683] ACPI: Battery Slot [BAT0] (battery present)
[   43.859716] Serial: 8250/16550 driver, 32 ports, IRQ sharing enabled
[   44.090513] 00:02: ttyS0 at I/O 0x3f8 (irq = 4, base_baud = 115200) is a 16550A
[   44.170321] Linux agpgart interface v0.103
[   44.869385] loop: module loaded
[   44.869889] scsi host0: ata_piix
[   44.869955] scsi host1: ata_piix
[   44.869980] ata1: PATA max UDMA/33 cmd 0x1f0 ctl 0x3f6 bmdma 0xd000 irq 14
[   44.869981] ata2: PATA max UDMA/33 cmd 0x170 ctl 0x376 bmdma 0xd008 irq 15
[   44.870037] libphy: Fixed MDIO Bus: probed
[   44.870039] tun: Universal TUN/TAP device driver, 1.6
[   44.870040] tun: (C) 1999-2004 Max Krasnyansky <maxk@qualcomm.com>
[   44.870277] PPP generic driver version 2.4.2
[   44.870326] ehci_hcd: USB 2.0 'Enhanced' Host Controller (EHCI) Driver
[   44.870329] ehci-pci: EHCI PCI platform driver
[   44.870343] ehci-platform: EHCI generic platform driver
[   44.870350] ohci_hcd: USB 1.1 'Open' Host Controller (OHCI) Driver
[   44.870353] ohci-pci: OHCI PCI platform driver
[   44.870377] ohci-platform: OHCI generic platform driver
[   44.870383] uhci_hcd: USB Universal Host Controller Interface driver
[   44.870427] i8042: PNP: PS/2 Controller [PNP0303:PS2K,PNP0f03:PS2M] at 0x60,0x64 irq 1,12
[   45.046280] serio: i8042 KBD port at 0x60,0x64 irq 1
[   45.046285] serio: i8042 AUX port at 0x60,0x64 irq 12
[   45.046400] mousedev: PS/2 mouse device common for all mice
[   45.046646] rtc_cmos rtc_cmos: rtc core: registered rtc_cmos as rtc0
[   45.046691] rtc_cmos rtc_cmos: alarms up to one day, 114 bytes nvram
[   45.046697] i2c /dev entries driver
[   45.046744] device-mapper: uevent: version 1.0.3
[   45.046786] device-mapper: ioctl: 4.34.0-ioctl (2015-10-28) initialised: dm-devel@redhat.com
[   45.046805] ledtrig-cpu: registered to indicate activity on CPUs
[   45.047028] NET: Registered protocol family 10
[   45.047141] NET: Registered protocol family 17
[   45.047149] Key type dns_resolver registered
[   45.348365] microcode: CPU0 sig=0x806ea, pf=0x8, revision=0x0
[   45.348466] microcode: CPU1 sig=0x806ea, pf=0x8, revision=0x0
[   45.348523] microcode: Microcode Update Driver: v2.01 <tigran@aivazian.fsnet.co.uk>, Peter Oruba
[   45.348648] registered taskstats version 1
[   45.348661] Loading compiled-in X.509 certificates
[   45.349244] Loaded X.509 cert 'Build time autogenerated kernel key: aa84f01984fbd529c105810b59e379d349698248'
[   45.349265] zswap: loaded using pool lzo/zbud
[   45.351081] Key type trusted registered
[   45.354020] Key type encrypted registered
[   45.354025] AppArmor: AppArmor sha1 policy hashing enabled
[   45.354027] ima: No TPM chip found, activating TPM-bypass!
[   45.354043] evm: HMAC attrs: 0x1
[   45.354280]   Magic number: 10:979:447
[   45.673088] rtc_cmos rtc_cmos: setting system clock to 2018-03-20 20:25:01 UTC (1521577501)
[   45.673243] BIOS EDD facility v0.16 2004-Jun-25, 0 devices found
[   45.673243] EDD information not available.
[   46.387719] input: AT Translated Set 2 keyboard as /devices/platform/i8042/serio0/input/input2
[   54.588528] Freeing unused kernel memory: 1508K
[   55.058473] Write protecting the kernel read-only data: 14336k
[   55.679113] Freeing unused kernel memory: 1700K
[   56.168776] Freeing unused kernel memory: 104K
Loading, please [   56.662019] random: systemd-udevd: uninitialized urandom read (16 bytes read, 11 bits of entropy available)
wait...
startin[   56.662597] random: udevadm: uninitialized urandom read (16 bytes read, 11 bits of entropy available)
g version 229
[   56.662618] random: udevadm: uninitialized urandom read (16 bytes read, 11 bits of entropy available)
[   56.673055] random: udevadm: uninitialized urandom read (16 bytes read, 11 bits of entropy available)
[   56.673103] random: udevadm: uninitialized urandom read (16 bytes read, 11 bits of entropy available)
[   56.673257] random: udevadm: uninitialized urandom read (16 bytes read, 11 bits of entropy available)
[   56.673316] random: udevadm: uninitialized urandom read (16 bytes read, 11 bits of entropy available)
[   56.673372] random: udevadm: uninitialized urandom read (16 bytes read, 11 bits of entropy available)
[   56.673430] random: udevadm: uninitialized urandom read (16 bytes read, 11 bits of entropy available)
[   56.673490] random: udevadm: uninitialized urandom read (16 bytes read, 11 bits of entropy available)
[   59.040959] e1000: Intel(R) PRO/1000 Network Driver - version 7.3.21-k8-NAPI
[   59.252528] e1000: Copyright (c) 1999-2006 Intel Corporation.
[   59.492228] Fusion MPT base driver 3.04.20
[   59.878623] Copyright (c) 1999-2008 LSI Corporation
[   60.264425] Fusion MPT SPI Host driver 3.04.20
[   60.639691] input: ImExPS/2 Generic Explorer Mouse as /devices/platform/i8042/serio1/input/input4
[   61.437731] AVX version of gcm_enc/dec engaged.
[   61.580589] AES CTR mode by8 optimization enabled
[   61.711031] e1000 0000:00:03.0 eth0: (PCI:33MHz:32-bit) 02:ec:c5:86:c8:d5
[   61.711035] e1000 0000:00:03.0 eth0: Intel(R) PRO/1000 Network Connection
[   61.750087] e1000 0000:00:03.0 enp0s3: renamed from eth0
[   61.750214] mptbase: ioc0: Initiating bringup
[   61.811884] ioc0: LSI53C1030 A0: Capabilities={Initiator}
[   62.462018] scsi host2: ioc0: LSI53C1030 A0, FwRev=00000000h, Ports=1, MaxQ=256, IRQ=20
[   63.148897] floppy0: no floppy controllers found
[   63.460097] scsi 2:0:0:0: Direct-Access     VBOX     HARDDISK         1.0  PQ: 0 ANSI: 5
[   64.119030] scsi target2:0:0: Beginning Domain Validation
[   64.319874] scsi target2:0:0: Domain Validation skipping write tests
[   64.988582] scsi target2:0:0: Ending Domain Validation
[   65.338764] scsi target2:0:0: asynchronous
[   65.489183] scsi 2:0:1:0: Direct-Access     VBOX     HARDDISK         1.0  PQ: 0 ANSI: 5
[   66.088924] scsi target2:0:1: Beginning Domain Validation
[   66.551339] scsi target2:0:1: Domain Validation skipping write tests
[   66.968709] scsi target2:0:1: Ending Domain Validation
[   67.358970] scsi target2:0:1: asynchronous
[   67.614536] sd 2:0:0:0: [sda] 20971520 512-byte logical blocks: (10.7 GB/10.0 GiB)
[   67.614842] sd 2:0:0:0: Attached scsi generic sg0 type 0
[   67.615378] sd 2:0:1:0: Attached scsi generic sg1 type 0
[   68.140188] sd 2:0:1:0: [sdb] 20480 512-byte logical blocks: (10.5 MB/10.0 MiB)
[   68.140443] sd 2:0:0:0: [sda] Write Protect is off
[   68.140716] sd 2:0:0:0: [sda] Incomplete mode parameter data
[   68.140718] sd 2:0:0:0: [sda] Assuming drive cache: write through
[   68.850260]  sda: sda1
[   68.851608] sd 2:0:0:0: [sda] Attached SCSI disk
[   70.819362] sd 2:0:1:0: [sdb] Write Protect is off
[   70.940086] sd 2:0:1:0: [sdb] Incomplete mode parameter data
[   71.115479] sd 2:0:1:0: [sdb] Assuming drive cache: write through
[   71.299778] sd 2:0:1:0: [sdb] Attached SCSI disk
Begin: Loading e[   72.776480] md: linear personality registered for level -1
ssential drivers[   72.885547] md: multipath personality registered for level -4
 ... [   73.070707] md: raid0 personality registered for level 0
[   73.455797] md: raid1 personality registered for level 1
[   73.698375] raid6: sse2x1   gen()  8815 MB/s
[   74.232610] raid6: sse2x1   xor()  5673 MB/s
[   74.718503] raid6: sse2x2   gen() 11838 MB/s
[   75.238378] raid6: sse2x2   xor()  7300 MB/s
[   75.778435] raid6: sse2x4   gen() 13596 MB/s
[   76.299660] raid6: sse2x4   xor()  7341 MB/s
[   76.748759] raid6: using algorithm sse2x4 gen() 13596 MB/s
[   77.328804] raid6: .... xor() 7341 MB/s, rmw enabled
[   77.828801] raid6: using ssse3x2 recovery algorithm
[   78.340089] xor: automatically using best checksumming function:
[   78.539694]    avx       : 18731.000 MB/sec
[   78.668916] async_tx: api initialized (async)
[   78.794641] md: raid6 personality registered for level 6
[   78.852585] md: raid5 personality registered for level 5
[   78.898817] md: raid4 personality registered for level 4
[   78.952070] md: raid10 personality registered for level 10
done.
Begin: Running /[   79.033527] Btrfs loaded
scripts/init-premount ... done.
Begin: Mounting[   79.341769] EXT4-fs (sda1): mounted filesystem with ordered data mode. Opts: (null)
 root file system ... Begin: Running /scripts/local-top ... done.
Begin: Running /scripts/local-premount ... Scanning for Btrfs filesystems
done.
Warning: fsck not present, so skipping root file system
done.
Begin: Running /scripts/local-bottom ... done.
Begin: Running /scripts/init-bottom ... done.
[   79.891948] systemd[1]: systemd 229 running in system mode. (+PAM +AUDIT +SELINUX +IMA +APPARMOR +SMACK +SYSVINIT +UTMP +LIBCRYPTSETUP +GCRYPT +GNUTLS +ACL +XZ -LZ4 +SECCOMP +BLKID +ELFUTILS +KMOD -IDN)
[   80.328734] systemd[1]: Detected virtualization oracle.
[   80.377176] systemd[1]: Detected architecture x86-64.

Welcome to [1mUbuntu 16.04.4 LTS[0m!

[   80.472478] random: nonblocking pool is initialized
[   80.568775] systemd[1]: Set hostname to <ubuntu>.
[   80.692262] systemd[1]: Initializing machine ID from random generator.
[   80.887515] systemd[1]: Installed transient /etc/machine-id file.
[   81.155547] systemd[1]: Listening on Journal Socket (/dev/log).
[[0;32m  OK  [0m] Listening on Journal Socket (/dev/log).
[   81.404310] systemd[1]: Listening on Syslog Socket.
[[0;32m  OK  [0m] Listening on Syslog Socket.
[   81.616057] systemd[1]: Listening on Journal Socket.
[[0;32m  OK  [0m] Listening on Journal Socket.
[   81.800265] systemd[1]: Listening on LVM2 metadata daemon socket.
[[0;32m  OK  [0m] Listening on LVM2 metadata daemon socket.
[   82.052407] systemd[1]: Listening on udev Kernel Socket.
[[0;32m  OK  [0m] Listening on udev Kernel Socket.
[   82.268105] systemd[1]: Listening on udev Control Socket.
[[0;32m  OK  [0m] Listening on udev Control Socket.
[   82.488208] systemd[1]: Reached target Swap.
[[0;32m  OK  [0m] Reached target Swap.
[   82.664302] systemd[1]: Listening on Device-mapper event daemon FIFOs.
[[0;32m  OK  [0m] Listening on Device-mapper event daemon FIFOs.
[   82.912484] systemd[1]: Reached target User and Group Name Lookups.
[[0;32m  OK  [0m] Reached target User and Group Name Lookups.
[   83.172949] systemd[1]: Set up automount Arbitrary Executable File Formats File System Automount Point.
[[0;32m  OK  [0m] Set up automount Arbitrary Executab...ats File System Automount Point.
[   83.464265] systemd[1]: Reached target Encrypted Volumes.
[[0;32m  OK  [0m] Reached target Encrypted Volumes.
[   83.664486] systemd[1]: Listening on LVM2 poll daemon socket.
[[0;32m  OK  [0m] Listening on LVM2 poll daemon socket.
[   83.848451] systemd[1]: Started Trigger resolvconf update for networkd DNS.
[[0;32m  OK  [0m] Started Trigger resolvconf update for networkd DNS.
[   84.144505] systemd[1]: Listening on /dev/initctl Compatibility Named Pipe.
[[0;32m  OK  [0m] Listening on /dev/initctl Compatibility Named Pipe.
[   84.426152] systemd[1]: Created slice System Slice.
[[0;32m  OK  [0m] Created slice System Slice.
[   84.648108] systemd[1]: Mounting Huge Pages File System...
         Mounting Huge Pages File System...
[   84.875204] systemd[1]: Starting Create list of required static device nodes for the current kernel...
         Starting Create list of required st... nodes for the current kernel...
[   85.252383] systemd[1]: Starting Remount Root and Kernel File Systems...
         [   85.458251] EXT4-fs (sda1): re-mounted. Opts: (null)
Starting Remount Root and Kernel File Systems...
[   85.624327] systemd[1]: Starting Set console keymap...
         Starting Set console keymap...
[   85.860127] systemd[1]: Starting Uncomplicated firewall...
         Starting Uncomplicated firewall...
[   86.084333] systemd[1]: Starting Load Kernel Modules...
         [   86.239556] Loading iSCSI transport class v2.0-870.
Starting Load Ke[   86.783643] iscsi: registered transport (tcp)
rnel Modules...
[   87.117236] systemd[1]: Created slice system-serial\x2dgetty.slice.
[[0;32m  OK  [0[   87.588361] iscsi: registered transport (iser)
m] Created slice system-serial\x2dgetty.slice.
[   88.164074] systemd[1]: Mounting Debug File System...
         Mounting Debug File System...
[   88.355314] systemd[1]: Mounting POSIX Message Queue File System...
         Mounting POSIX Message Queue File System...
[   88.596116] systemd[1]: Starting Nameserver information manager...
         Starting Nameserver information manager...
[   88.840092] systemd[1]: Listening on Journal Audit Socket.
[[0;32m  OK  [0m] Listening on Journal Audit Socket.
[   89.060473] systemd[1]: Starting Journal Service...
         Starting Journal Service...
[   89.233467] systemd[1]: Created slice User and Session Slice.
[[0;32m  OK  [0m] Created slice User and Session Slice.
[   89.452231] systemd[1]: Reached target Slices.
[[0;32m  OK  [0m] Reached target Slices.
[   89.648160] systemd[1]: Started Forward Password Requests to Wall Directory Watch.
[[0;32m  OK  [0m] Started Forward Password Requests to Wall Directory Watch.
[   89.984193] systemd[1]: Starting Monitoring of LVM2 mirrors, snapshots etc. using dmeventd or progress polling...
         Starting Monitoring of LVM2 mirrors... dmeventd or progress polling...
[   90.371559] systemd[1]: Mounted Huge Pages File System.
[[0;32m  OK  [0m] Mounted Huge Pages File System.
[   90.592360] systemd[1]: Mounted POSIX Message Queue File System.
[[0;32m  OK  [0m] Mounted POSIX Message Queue File System.
[   90.840112] systemd[1]: Mounted Debug File System.
[[0;32m  OK  [0m] Mounted Debug File System.
[   91.024250] systemd[1]: Started Journal Service.
[[0;32m  OK  [0m] Started Journal Service.
[[0;32m  OK  [0m] Started Create list of required sta...ce nodes for the current kernel.
[[0;32m  OK  [0m] Started Remount Root and Kernel File Systems.
[[0;32m  OK  [0m] Started Set console keymap.
[[0;32m  OK  [0m] Started Uncomplicated firewall.
[[0;32m  OK  [0m] Started Load Kernel Modules.
[[0;32m  OK  [0m] Started Nameserver information manager.
[[0;32m  OK  [0m] Started LVM2 metadata daemon.
         Starting Apply Kernel Variables...
         Mounting FUSE Control File System...
         Starting udev Coldplug all Devices...
         Starting Load/Save Random Seed...
         Starting Initial cloud-init job (pre-networking)...
         Starting Create Static Device Nodes in /dev...
         Starting Flush Journal to Persistent Storage...
[[0;32m  OK  [0m] Mounted FUSE Control File System.
[[0;32m  OK  [0m] Started Monitoring of LVM2 mirrors,...ng dmeventd or progress polling.
[[0;32m  OK  [0m] Started Apply Kernel Variables.
[[0;32m  OK  [0m] Started Load/Save Random Seed.
[[0;32m  OK  [0m] Started Create Static Device Nodes in /dev.
[   55.029363] cloud-init[453]: Cloud-init v. 17.2 running 'init-local' at Tue, 20 Mar 2018 20:25:48 +0000. Up 54.84 seconds.
[[0;32m  OK  [0m] Started udev Coldplug all Devices.
[[0;32m  OK  [0m] Started Initial cloud-init job (pre-networking).
[[0;32m  OK  [0m] Started Flush Journal to Persistent Storage.
[[0;32m  OK  [0m] Reached target Network (Pre).
         Starting udev Kernel Device Manager...
[[0;32m  OK  [0m] Started udev Kernel Device Manager.
[[0;32m  OK  [0m] Found device /dev/ttyS0.
[[0;32m  OK  [0m] Reached target Local File Systems (Pre).
[[0;32m  OK  [0m] Reached target Local File Systems.
         Starting Set console font and keymap...
         Starting Commit a transient machine-id on disk...
         Starting LSB: AppArmor initialization...
         Starting Create Volatile Files and Directories...
         Starting Tell Plymouth To Write Out Runtime Data...
[[0;32m  OK  [0m] Started Dispatch Password Requests to Console Directory Watch.
[[0;32m  OK  [0m] Started Set console font and keymap.
[[0;32m  OK  [0m] Started Commit a transient machine-id on disk.
[[0;32m  OK  [0m] Started Create Volatile Files and Directories.
[[0;32m  OK  [0m] Started Tell Plymouth To Write Out Runtime Data.
[[0;32m  OK  [0m] Listening on Load/Save RF Kill Switch Status /dev/rfkill Watch.
[[0;32m  OK  [0m] Reached target System Time Synchronized.
         Starting Update UTMP about System Boot/Shutdown...
[[0;32m  OK  [0m] Created slice system-getty.slice.
[[0;32m  OK  [0m] Started LSB: AppArmor initialization.
[[0;32m  OK  [0m] Started Update UTMP about System Boot/Shutdown.
[[0;32m  OK  [0m] Started ifup for enp0s3.
         Starting Raise network interfaces...
[[0;32m  OK  [0m] Started Raise network interfaces.
         Starting Initial cloud-init job (metadata service crawler)...
[[0;32m  OK  [0m] Reached target Network.
[   59.991429] cloud-init[953]: Cloud-init v. 17.2 running 'init' at Tue, 20 Mar 2018 20:25:52 +0000. Up 59.20 seconds.
[   60.104695] cloud-init[953]: ci-info: +++++++++++++++++++++++++++++++++++++Net device info++++++++++++++++++++++++++++++++++++++
[[0;32m  OK  [0m] Started Initial cloud-init job (metadata service crawler).
[   60.227273] cloud-init[953]: ci-info: +--------+------+----------------------------+---------------+-------+-------------------+
[   60.428958] cloud-init[953]: ci-info: | Device |  Up  |          Address           |      Mask     | Scope |     Hw-Address    |
[   60.561092] cloud-init[953]: ci-info: +--------+------+----------------------------+---------------+-------+-------------------+
[   60.696955] cloud-init[953]: ci-info: | enp0s3 | True |         10.0.2.15          | 255.255.255.0 |   .   | 02:ec:c5:86:c8:d5 |
[[0;32m  OK  [0m] Reached target System Initialization.
[[0;32m  OK  [0m] Started Timer to automatically refresh installed snaps.
[   60.829054] cloud-init[953]: ci-info: | enp0s3 | True | fe80::ec:c5ff:fe86:c8d5/64 |       .       |  link | 02:ec:c5:86:c8:d5 |
[   61.116911] cloud-init[953]: ci-info: |   lo   | True |         127.0.0.1          |   255.0.0.0   |   .   |         .         |
[[0;32m  OK  [0m] Started Daily apt download activities.
[[0;32m  OK  [0m] Started Daily apt upgrade and clean activities.
[[0;32m  OK  [0m] Listening on UUID daemon activation socket.
[   61.225447] cloud-init[953]: ci-info: |   lo   | True |          ::1/128           |       .       |  host |         .         |
[   61.521049] [cloud-init[0;32m  OK  [0m[953]: ] ci-info: +--------+------+----------------------------+---------------+-------+-------------------+Listening on ACPID Listen Socket.

[   61.704983]          cloud-initStarting LXD - unix socket.[953]: 
ci-info: +++++++++++++++++++++++++++Route IPv4 info++++++++++++++++++++++++++++
[   61.857027] [cloud-init[0;32m  OK  [0m[953]: ] ci-info: +-------+-------------+----------+---------------+-----------+-------+Started Daily Cleanup of Temporary Directories.

[   62.032919] [cloud-init[0;32m  OK  [0m[953]: ] ci-info: | Route | Destination | Gateway  |    Genmask    | Interface | Flags |Reached target Timers.

         Starting Socket activation for snappy daemon.
[[0;32m  OK  [0m] Listening on D-Bus System Message Bus Socket.
[   62.034327] cloud-init[953]: ci-info: +-------+-------------+----------+---------------+-----------+-------+
[   62.397029] [cloud-init[0;32m  OK  [0m[953]: ] ci-info: |   0   |   0.0.0.0   | 10.0.2.2 |    0.0.0.0    |   enp0s3  |   UG  |Started ACPI Events Check.

[[0;32m  OK  [0m] Reached target Paths.
[[0;32m  OK  [0m] Reached target Network is Online.
[   62.398033] cloud-init[953]: ci-info: |   1   |   10.0.2.0  | 0.0.0.0  | 255.255.255.0 |   enp0s3  |   U   |
[   62.724996]          cloud-initStarting iSCSI initiator daemon (iscsid)...[953]: 
ci-info: +-------+-------------+----------+---------------+-----------+-------+
[   62.889077] [cloud-init[0;32m  OK  [0m[953]: ] Generating public/private rsa key pair.Reached target Cloud-config availability.

[   63.020464] [cloud-init[0;32m  OK  [0m[953]: ] Your identification has been saved in /etc/ssh/ssh_host_rsa_key.Listening on LXD - unix socket.

[   63.164979] [cloud-init[0;32m  OK  [0m[953]: ] Your public key has been saved in /etc/ssh/ssh_host_rsa_key.pub.Listening on Socket activation for snappy daemon.

[   63.166575] cloud-init[953]: The key fingerprint is:
[   63.388734] [cloud-init[0;32m  OK  [0m[953]: ] SHA256:Kc3fhO0GueWEdI14/yS/RnBwUpIgUkSJ/flB7eJbJ+E root@ubuntu-xenialStarted iSCSI initiator daemon (iscsid).

[   63.390078] cloud-init[953]: The key's randomart image is:
[   63.616734]          cloud-initStarting Login to default iSCSI targets...[953]: 
+---[RSA 2048]----+
[   63.712930] [cloud-init[0;32m  OK  [0m[953]: ] |       .*=....+. |Reached target Sockets.

[[0;32m  OK  [0m] Reached target Basic System.
[   63.714284] cloud-init[953]: |       ..o.. B.o |
[   63.921331]          cloud-initStarting Login Service...[953]: 
|          + * *  |
[   64.008372] cloud-init[953]: |       o o X =.o |
         Starting Apply the settings specified in cloud-config...
[   64.071385] cloud-init[953]: |      . S = B.B..|
         Starting LSB: Record successful boot for GRUB...
[[0;32m  OK  [0m] Started Unattended Upgrades Shutdown.
[   64.194694] cloud-init[953]: |       . . X oEB.|
         Starting LSB: MD monitoring daemon...
[   64.370692] cloud-init[953]: |          o = +.+|
[   64.492296] [cloud-init[0;32m  OK  [0m[953]: ] |           . . ..|Started ACPI event daemon.

[   64.688535] [cloud-init[0;32m  OK  [0m[953]: ] |              .. |Started FUSE filesystem for LXC.

[   64.689299] cloud-init[953]: +----[SHA256]-----+
[   65.144306]          cloud-initStarting System Logging Service...[953]: 
Generating public/private dsa key pair.
[   65.244381]          cloud-initStarting Accounts Service...[953]: 
Your identification has been saved in /etc/ssh/ssh_host_dsa_key.
[   65.416695] [cloud-init[0;32m  OK  [0m[953]: ] Your public key has been saved in /etc/ssh/ssh_host_dsa_key.pub.Started D-Bus System Message Bus.

[   65.417190] cloud-init[953]: The key fingerprint is:
[[0;32m  OK  [0m] Started Deferred execution scheduler.
[   65.628992] cloud-init[953]: SHA256:BM82iYUCBeFAMbTCeG3zT95totUL7lZphwN4X67QyA0 root@ubuntu-xenial
[   65.785007] [cloud-init[0;32m  OK  [0m[953]: ] The key's randomart image is:Started Regular background program processing daemon.

[   65.941012]          cloud-initStarting Pollinate to seed the pseudo random number generator...[953]: 
+---[DSA 1024]----+
[   66.061849]          cloud-initStarting /etc/rc.local Compatibility...[953]: 
|+===. ...        |
[   66.148655] cloud-init[953]: |ooo.. .* .       |
[   66.149605] cloud-init[953]: |ooo +.. B.       |
         Starting LXD - container startup/shutdown...
[   66.149912] cloud-init[953]: |.. . o o..E   .  |
         Starting Snappy daemon...
[   66.355358] cloud-init[953]: |      . So B =   |
[   66.449307] cloud-init[953]: |       + .+oX o  |
[   66.513315] cloud-init[953]: |        o =+++   |
[[0;32m  OK  [0m] Started System Logging Service.
[[0;32m  OK  [0m] Started Snappy daemon.
[   66.572954] cloud-init[953]: |         +.+..   |
[   66.708354] cloud-init[953]: |        .oo .    |
[   66.764389] cloud-init[953]: +----[SHA256]-----+
[   66.816517] cloud-init[953]: Generating public/private ecdsa key pair.
[[0;32m  OK  [0m] Started Apply the settings specified in cloud-config.
[[0;32m  OK  [0m] Started /etc/rc.local Compatibility.
[[0;32m  OK  [0m] Started LXD - container startup/shutdown.
[   66.892998] cloud-init[953]: Your identification has been saved in /etc/ssh/ssh_host_ecdsa_key.
[   67.164517] cloud-init[953]: Your public key has been saved in /etc/ssh/ssh_host_ecdsa_key.pub.
[   67.268460] cloud-init[953]: The key fingerprint is:
[   67.328620] cloud-init[953]: SHA256:hWPCpsZZDUR4yxCGfZ13/89cUtvHWt8FkRCTfBLWQPw root@ubuntu-xenial
[[0;32m  OK  [0m] Started Login to default iSCSI targets.
[   67.438861] cloud-init[953]: The key's randomart image is:
[   67.568368] cloud-init[953]: +---[ECDSA 256]---+
[   67.621044] cloud-init[953]: |   oo=+. . +OB . |
[   67.673811] cloud-init[953]: |  ..+.ooo...*.=  |
[   67.674195] cloud-init[953]: |     ==.=... = . |
[[0;32m  OK  [0m] Started LSB: Record successful boot for GRUB.
[[   67.674369] cloud-init[953]: |   . =oo o    E .|
[0;32m  OK  [0m] Started LSB: MD monitoring daemon.
[   67.829223] cloud-init[953]: |    =   S      =o|
[[0;32m  OK  [0m] Started Pollinate to seed the pseudo random number generator.
[   67.976827] cloud-init[953]: |   .          ..O|
[[   68.120334] cloud-init[953]: |               *B|
[0;32m  OK  [0m] Started Login Service.
[   68.121021] cloud-init[953]: |              . *|
[   68.260392] cloud-init[953]: |                 |
[   68.260632] cloud-init[953]: +----[SHA256]-----+
         Starting Authenticate and Authorize Users to Run Privileged Tasks...
[   68.260736] cloud-init[953]: Generating public/private ed25519 key pair.
[   68.488658] cloud-init[953]: Your identification has been saved in /etc/ssh/ssh_host_ed25519_key.
[   68.488950] cloud-init[953]: Your public key has been saved in /etc/ssh/ssh_host_ed25519_key.pub.
         Starting OpenBSD Secure Shell server...
[   68.489115] cloud-init[953]: The key fingerprint is:
[   68.730272] cloud-init[953]: SHA256:BZhfCC2RJb/s0hSD2jKN5zK91Q8QiYAX3FQGIxwhZdI root@ubuntu-xenial
[[0;32m  OK  [0m] Reached target Remote File Systems (Pre).
[[   68.730844] cloud-init[953]: The key's randomart image is:
[0;32m  OK  [0m] Reached target Remote File Systems.
[   68.937950] cloud-init[953]: +--[ED25519 256]--+
[   69.084356] cloud-init[953]: |  o*O*B@=.       |
[   69.084673] cloud-init[953]: |  .+Eo*Boo.      |
         Starting Permit User Sessions...
[   69.084890] cloud-init[953]: |   .  oo*..      |
[   69.313011] cloud-init[953]: |     = ..*       |
[   69.313925] cloud-init[953]: |    = + S        |
         Starting LSB: automatic crash report generation...
[   69.314458] cloud-init[953]: |     * + o       |
[   69.537123] cloud-init[953]: |    o + + o      |
         Starting LSB: VirtualBox Linux Additions...
[   69.538631] cloud-init[953]: |     o +   o     |
[   69.708650] cloud-init[953]: |      .     .    |
[   69.709276] cloud-init[953]: +----[SHA256]-----+
         Starting LSB: daemon to balance interrupts for SMP systems...
[   69.719237] cloud-init[1059]: Generating locales (this might take a while)...
[   69.952593] cloud-init[1059]:   en_US.UTF-8... done
[   69.953237] cloud-init[1059]: Generation complete.
         Starting LSB: Set the CPU Frequency Scaling governor to "ondemand"...
[   69.953774] cloud-init[1059]: Cloud-init v. 17.2 running 'modules:config' at Tue, 20 Mar 2018 20:25:58 +0000. Up 64.27 seconds.
[[0;32m  OK  [0m] Started OpenBSD Secure Shell server.
[[0;32m  OK  [0m] Started Permit User Sessions.
[[0;32m  OK  [0m] Started Authenticate and Authorize Users to Run Privileged Tasks.
[[0;32m  OK  [0m] Started Accounts Service.
[[0;32m  OK  [0m] Created slice User Slice of vagrant.
         Starting User Manager for UID 1000...
[[0;32m  OK  [0m] Started Session 1 of user vagrant.
         Starting Hold until boot process finishes up...
         Starting Terminate Plymouth Boot Screen...
[[0;32m  OK  [0m] Started User Manager for UID 1000.
[[0;32m  OK  [0m] Started LSB: automatic crash report generation.
[[0;32m  OK  [0m] Started LSB: VirtualBox Linux Additions.
[[0;32m  OK  [0m] Started LSB: daemon to balance interrupts for SMP systems.
[[0;32m  OK  [0m] Started LSB: Set the CPU Frequency Scaling governor to "ondemand".
[[0;32m  OK  [0m] Started Hold until boot process finishes up.
[[0;32m  OK  [0m] Started Terminate Plymouth Boot Screen.
[[0;32m  OK  [0m] Started Getty on tty1.
         Starting Set console scheme...
[[0;32m  OK  [0m] Started Serial Getty on ttyS0.
[[0;32m  OK  [0m] Reached target Login Prompts.
[[0;32m  OK  [0m] Reached target Multi-User System.
         Starting Execute cloud user/final scripts...
[[0;32m  OK  [0m] Reached target Graphical Interface.
         Starting Update UTMP about System Runlevel Changes...
ci-info: no authorized ssh keys fingerprints found for user ubuntu.
[[0;32m  OK  [0m] Started Set console scheme.
<14>Mar 20 20:26:06 ec2: 
<14>Mar 20 20:26:06 ec2: #############################################################
<14>Mar 20 20:26:06 ec2: -----BEGIN SSH HOST KEY FINGERPRINTS-----
<14>Mar 20 20:26:06 ec2: 1024 SHA256:BM82iYUCBeFAMbTCeG3zT95totUL7lZphwN4X67QyA0 root@ubuntu-xenial (DSA)
<14>Mar 20 20:26:06 ec2: 256 SHA256:hWPCpsZZDUR4yxCGfZ13/89cUtvHWt8FkRCTfBLWQPw root@ubuntu-xenial (ECDSA)
<14>Mar 20 20:26:06 ec2: 256 SHA256:BZhfCC2RJb/s0hSD2jKN5zK91Q8QiYAX3FQGIxwhZdI root@ubuntu-xenial (ED25519)
<14>Mar 20 20:26:06 ec2: 2048 SHA256:Kc3fhO0GueWEdI14/yS/RnBwUpIgUkSJ/flB7eJbJ+E root@ubuntu-xenial (RSA)
<14>Mar 20 20:26:06 ec2: -----END SSH HOST KEY FINGERPRINTS-----
<14>Mar 20 20:26:06 ec2: #############################################################
-----BEGIN SSH HOST KEY KEYS-----
ecdsa-sha2-nistp256 AAAAE2VjZHNhLXNoYTItbmlzdHAyNTYAAAAIbmlzdHAyNTYAAABBBGt/UiKoNyjzjpJ7qhuGdS1NPPJ/+bMQ2s0DojCIOMjMvk/nYeKtYBusYQwUtJxP/hyOpyrqQWXfAZhXomx9Qds= root@ubuntu-xenial
ssh-ed25519 AAAAC3NzaC1lZDI1NTE5AAAAIJHix43UOzOAMf/0AEaAa/PmmVhlrII6hTYAjW9dDG+i root@ubuntu-xenial
ssh-rsa AAAAB3NzaC1yc2EAAAADAQABAAABAQCjL8hFu+2GBfwQKijjA4LshuWoSlFx/gQdLCvQiu9bAF0qTiF7HOdO1iBM5QafqnZhhUuf66tCC8CCGDVlX2ZVn6W85btyH6P9aMLf+uoDUBuZh9G4aZ5KHA6+f0V2PItoNu4aUEHFnNwpByHzGxgULQX35cl50nM0eVrTsP04WiSZrMcGmFLf60ONrDE84GY9NrvfTc9XGtZ6nw2r4Sjaj4yDTu7tk9YijYS+VR5c6JkGi0iVXLckIDHuvur0lfgwZr3mSZwBgSk+zlLR0jvhju0nJ2Jxoff00HpxKGOCO0n1y8G9AlpmCFd7MJXD9q9R/NgnqHbZTuGlAMHDCa1Z root@ubuntu-xenial
-----END SSH HOST KEY KEYS-----
[[0;32m  OK  [0m] Started Update UTMP about System Runlevel Changes.
[   74.138091] cloud-init[1326]: Cloud-init v. 17.2 running 'modules:final' at Tue, 20 Mar 2018 20:26:05 +0000. Up 72.10 seconds.
[   74.389962] cloud-init[1326]: ci-info: no authorized ssh keys fingerprints found for user ubuntu.
[   74.508784] cloud-init[1326]: Cloud-init v. 17.2 finished at Tue, 20 Mar 2018 20:26:07 +0000. Datasource DataSourceNoCloud [seed=/dev/sdb][dsmode=net].  Up 74.13 seconds
[[0;32m  OK  [0m] Started Execute cloud user/final scripts.
[[0;32m  OK  [0m] Reached target Cloud-init target.

Ubuntu 16.04.4 LTS ubuntu-xenial ttyS0

ubuntu-xenial login: 